   1              		.cpu cortex-a9
   2              		.eabi_attribute 28, 1
   3              		.eabi_attribute 20, 1
   4              		.eabi_attribute 21, 1
   5              		.eabi_attribute 23, 3
   6              		.eabi_attribute 24, 1
   7              		.eabi_attribute 25, 1
   8              		.eabi_attribute 26, 1
   9              		.eabi_attribute 30, 2
  10              		.eabi_attribute 34, 0
  11              		.eabi_attribute 18, 4
  12              		.file	"tensorflowlite_QAT_dnnInit.cc"
  13              		.section	.text.tfl_QAT_dnn_setup,"ax",%progbits
  14              		.align	2
  15              		.global	tfl_QAT_dnn_setup
  16              		.syntax unified
  17              		.arm
  18              		.fpu neon
  20              	tfl_QAT_dnn_setup:
  21              		.fnstart
  22              	.LFB224:
  23              		@ args = 0, pretend = 0, frame = 0
  24              		@ frame_needed = 0, uses_anonymous_args = 0
  25              		@ link register save eliminated.
  26 0000 FEFFFFEA 		b	tfl_QAT_dnn_setupPre
  27              		.cantunwind
  28              		.fnend
  30              		.section	.text.tfl_QAT_dnn_compute,"ax",%progbits
  31              		.align	2
  32              		.global	tfl_QAT_dnn_compute
  33              		.syntax unified
  34              		.arm
  35              		.fpu neon
  37              	tfl_QAT_dnn_compute:
  38              		.fnstart
  39              	.LFB225:
  40              		@ args = 0, pretend = 0, frame = 0
  41              		@ frame_needed = 0, uses_anonymous_args = 0
  42 0000 10402DE9 		push	{r4, lr}
  43              		.save {r4, lr}
  44 0004 004000E3 		movw	r4, #:lower16:CNN_result_int8
  45 0008 004040E3 		movt	r4, #:upper16:CNN_result_int8
  46 000c 0410A0E1 		mov	r1, r4
  47 0010 FEFFFFEB 		bl	tfl_QAT_dnn_computePre
  48 0014 0400A0E1 		mov	r0, r4
  49 0018 1080BDE8 		pop	{r4, pc}
  50              		.fnend
  52              		.ident	"GCC: (GNU Tools for ARM Embedded Processors 6-2017-q2-update) 6.3.1 20170620 (release) [AR
DEFINED SYMBOLS
                            *ABS*:00000000 tensorflowlite_QAT_dnnInit.cc
C:\Users\a5050395\AppData\Local\Temp\ccgo1sth.s:14     .text.tfl_QAT_dnn_setup:00000000 $a
C:\Users\a5050395\AppData\Local\Temp\ccgo1sth.s:20     .text.tfl_QAT_dnn_setup:00000000 tfl_QAT_dnn_setup
.ARM.exidx.text.tfl_QAT_dnn_setup:00000000 $d
C:\Users\a5050395\AppData\Local\Temp\ccgo1sth.s:31     .text.tfl_QAT_dnn_compute:00000000 $a
C:\Users\a5050395\AppData\Local\Temp\ccgo1sth.s:37     .text.tfl_QAT_dnn_compute:00000000 tfl_QAT_dnn_compute
.ARM.exidx.text.tfl_QAT_dnn_compute:00000000 $d

UNDEFINED SYMBOLS
tfl_QAT_dnn_setupPre
CNN_result_int8
tfl_QAT_dnn_computePre
__aeabi_unwind_cpp_pr0
